2026-06-02 19:10:45,814 [INFO] Updating dividend stocks data (etnet FY method)...
2026-06-02 19:10:55,331 [INFO]   ✓ 0002 中電控股: FY2025/12 div=3.2 HKD, price=74.05, yield=4.32%
2026-06-02 19:11:03,847 [INFO]   ✓ 0003 香港中華煤氣: FY2025/12 div=0.35 HKD, price=7.17, yield=4.88%
2026-06-02 19:11:12,366 [INFO]   ✓ 0005 滙豐控股: FY2025/12 div=5.8623 HKD, price=147.2, yield=3.98%
2026-06-02 19:11:21,572 [INFO]   ✓ 0006 電能實業: FY2025/12 div=2.82 HKD, price=57.85, yield=4.87%
2026-06-02 19:11:24,255 [ERROR] HTTP Error 404: {"quoteSummary":{"result":null,"error":{"code":"Not Found","description":"Quote not found for symbol: 0011.HK"}}}
2026-06-02 19:11:24,363 [WARNING]   ⚠ 0011 恒生銀行: no price (div=None)
2026-06-02 19:11:33,379 [INFO]   ✓ 0012 恒基兆業地產: FY2025/12 div=1.26 HKD, price=30.6, yield=4.12%
2026-06-02 19:11:41,953 [INFO]   ✓ 0016 新鴻基地產: FY2025/06 div=3.75 HKD, price=127.9, yield=2.93%
2026-06-02 19:11:50,525 [INFO]   ✓ 0017 新世界發展: FY2024/06 div=0.2 HKD, price=8.02, yield=2.49%
2026-06-02 19:11:59,885 [INFO]   ✓ 0027 銀河娛樂: FY2025/12 div=1.5 HKD, price=32.62, yield=4.60%
2026-06-02 19:12:08,719 [INFO]   ✓ 0066 港鐵公司: FY2025/12 div=1.31 HKD, price=31.6, yield=4.15%
2026-06-02 19:12:17,301 [INFO]   ✓ 0101 恒隆地產: FY2025/12 div=0.52 HKD, price=8.0, yield=6.50%
2026-06-02 19:12:26,717 [INFO]   ✓ 0175 吉利汽車: FY2025/12 div=0.5 HKD, price=18.76, yield=2.67%
2026-06-02 19:12:35,323 [INFO]   ✓ 0267 中信股份: FY2025/12 div=0.2193 HKD, price=13.32, yield=1.65%
2026-06-02 19:12:43,849 [INFO]   ✓ 0288 萬洲國際: FY2025/12 div=1.1067 HKD, price=9.1, yield=12.16%
2026-06-02 19:12:52,441 [INFO]   ✓ 0291 華潤啤酒: FY2025/12 div=1.148 HKD, price=24.14, yield=4.76%
2026-06-02 19:13:01,622 [INFO]   ✓ 0388 香港交易所: FY2025/12 div=12.52 HKD, price=410.4, yield=3.05%
2026-06-02 19:13:10,189 [INFO]   ✓ 0669 創科實業: FY2025/12 div=2.57 HKD, price=116.3, yield=2.21%
2026-06-02 19:13:23,718 [INFO]   ✓ 0700 騰訊控股: FY2025/12 div=5.3 HKD, price=481.6, yield=1.10%
2026-06-02 19:13:33,094 [INFO]   ✓ 0762 中國聯通: FY2025/12 div=0.4647 HKD, price=7.83, yield=5.93%
2026-06-02 19:13:41,906 [INFO]   ✓ 0823 領展房產基金: FY2026/03 div=2.5361 HKD, price=39.22, yield=6.47%
2026-06-02 19:13:55,073 [INFO]   ✓ 0857 中國石油: FY2025/12 div=0.241 HKD, price=10.75, yield=2.24%
2026-06-02 19:14:04,295 [INFO]   ✓ 0868 信義玻璃: FY2025/12 div=0.34 HKD, price=9.99, yield=3.40%
2026-06-02 19:14:13,045 [INFO]   ✓ 0939 建設銀行: FY2025/12 div=0.2047 HKD, price=8.66, yield=2.36%
2026-06-02 19:14:21,696 [INFO]   ✓ 0941 中國移動: FY2025/12 div=5.27 HKD, price=85.9, yield=6.14%
2026-06-02 19:14:30,180 [INFO]   ✓ 1038 長江基建: FY2025/12 div=2.61 HKD, price=57.85, yield=4.51%
2026-06-02 19:14:39,520 [INFO]   ✓ 1044 恒安國際: FY2025/12 div=1.5587 HKD, price=24.14, yield=6.46%
2026-06-02 19:14:48,183 [INFO]   ✓ 1093 石藥集團: FY2025/12 div=0.29 HKD, price=7.57, yield=3.83%
2026-06-02 19:14:56,638 [INFO]   ✓ 1109 華潤置地: FY2025/12 div=0.219 HKD, price=36.16, yield=0.61%
2026-06-02 19:15:05,102 [INFO]   ✓ 1113 長實集團: FY2025/12 div=1.78 HKD, price=47.8, yield=3.72%
2026-06-02 19:15:14,335 [INFO]   ✓ 1177 中國生物製藥: FY2025/12 div=0.1 HKD, price=4.88, yield=2.05%
2026-06-02 19:15:23,042 [INFO]   ✓ 1211 比亞迪: FY2024/12 div=4.336 HKD, price=96.75, yield=4.48%
2026-06-02 19:15:31,743 [INFO]   ✓ 1288 農業銀行: FY2025/12 div=0.2813 HKD, price=5.85, yield=4.81%
2026-06-02 19:15:40,412 [INFO]   ✓ 1299 友邦保險: FY2025/12 div=1.9308 HKD, price=82.1, yield=2.35%
2026-06-02 19:15:49,717 [INFO]   ✓ 1398 工商銀行: FY2025/12 div=0.3502 HKD, price=6.8, yield=5.15%
2026-06-02 19:15:58,224 [WARNING]   ⚠ 1810 小米集團: no dividend data from etnet (price=29.62)
2026-06-02 19:16:07,012 [INFO]   ✓ 1876 百威亞太: FY2025/12 div=0.4425 HKD, price=7.11, yield=6.22%
2026-06-02 19:16:16,270 [INFO]   ✓ 1928 金沙中國: FY2025/12 div=0.75 HKD, price=16.35, yield=4.59%
2026-06-02 19:16:24,792 [INFO]   ✓ 1997 九龍倉置業: FY2025/12 div=1.32 HKD, price=24.1, yield=5.48%
2026-06-02 19:16:33,373 [INFO]   ✓ 2018 瑞聲科技: FY2025/12 div=0.35 HKD, price=47.7, yield=0.73%
2026-06-02 19:16:42,053 [INFO]   ✓ 2313 申洲國際: FY2025/12 div=2.58 HKD, price=48.0, yield=5.38%
2026-06-02 19:16:51,368 [INFO]   ✓ 2318 中國平安: FY2025/12 div=1.0405 HKD, price=58.6, yield=1.78%
2026-06-02 19:16:59,873 [INFO]   ✓ 2382 舜宇光學: FY2025/12 div=1.206 HKD, price=83.0, yield=1.45%
2026-06-02 19:17:08,465 [INFO]   ✓ 2388 中銀香港: FY2025/12 div=2.125 HKD, price=48.0, yield=4.43%
2026-06-02 19:17:17,292 [INFO]   ✓ 2628 中國人壽: FY2025/12 div=0.2602 HKD, price=28.48, yield=0.91%
2026-06-02 19:17:27,008 [INFO]   ✓ 3328 交通銀行: FY2025/12 div=0.1729 HKD, price=7.51, yield=2.30%
2026-06-02 19:17:35,678 [WARNING]   ⚠ 3690 美團: no dividend data from etnet (price=85.5)
2026-06-02 19:17:44,201 [INFO]   ✓ 3968 招商銀行: FY2025/12 div=1.1186 HKD, price=48.42, yield=2.31%
2026-06-02 19:17:54,554 [INFO]   ✓ 3988 中國銀行: FY2025/12 div=0.1206 HKD, price=5.31, yield=2.27%
2026-06-02 19:18:03,135 [INFO]   ✓ 6862 海底撈: FY2025/12 div=0.722 HKD, price=12.96, yield=5.57%
2026-06-02 19:18:11,676 [WARNING]   ⚠ 9618 京東集團: no dividend data from etnet (price=120.1)
2026-06-02 19:18:20,208 [INFO]   ✓ 9633 農夫山泉: FY2025/12 div=1.13 HKD, price=44.04, yield=2.57%
2026-06-02 19:18:29,441 [WARNING]   ⚠ 9961 攜程集團: no dividend data from etnet (price=389.2)
2026-06-02 19:18:37,935 [WARNING]   ⚠ 9988 阿里巴巴: no dividend data from etnet (price=130.9)
2026-06-02 19:18:46,581 [WARNING]   ⚠ 9999 網易: no dividend data from etnet (price=197.6)
2026-06-02 19:18:46,811 [INFO] ✅ Updated 47 stocks, 7 skipped
2026-06-02 19:18:46,811 [INFO] Skipped: 恒生銀行, 小米集團, 美團, 京東集團, 攜程集團, 阿里巴巴, 網易
