[2026-05-25 09:49:56] ==================================================
[2026-05-25 09:49:56] 開始更新租金收入數據 (mode: ['--price'])
[2026-05-25 09:49:56] 開始攞呎價數據...
[2026-05-25 09:50:05]   港島: 40 個屋苑
[2026-05-25 09:50:07]   九龍: 40 個屋苑
[2026-05-25 09:50:10]   新界東: 29 個屋苑
[2026-05-25 09:50:13]   新界西: 34 個屋苑
[2026-05-25 09:50:13] 呎價數據合共 143 個屋苑
[2026-05-25 09:50:13] 合併數據並計算回報率...
[2026-05-25 09:50:13] 已更新 143 個屋苑數據
[2026-05-25 09:50:13]   最高回報: 荃威花園 4.7%
[2026-05-25 09:50:13]   最低回報: 地利根德閣 1.96%
[2026-05-25 09:50:13] 完成
[2026-05-25 09:53:14] ==================================================
[2026-05-25 09:53:14] 開始更新租金收入數據 (mode: all)
[2026-05-25 09:53:14] 開始攞呎價數據...
[2026-05-25 09:53:23]   港島: 40 個屋苑
[2026-05-25 09:53:26]   九龍: 40 個屋苑
[2026-05-25 09:53:28]   新界東: 29 個屋苑
[2026-05-25 09:53:31]   新界西: 34 個屋苑
[2026-05-25 09:53:31] 呎價數據合共 143 個屋苑
[2026-05-25 09:53:31] 開始攞呎租數據...
[2026-05-25 09:53:38]   港島: 40 個屋苑
[2026-05-25 09:53:41]   九龍: 40 個屋苑
[2026-05-25 09:53:43]   新界東: 29 個屋苑
[2026-05-25 09:53:46]   新界西: 34 個屋苑
[2026-05-25 09:53:46] 呎租數據合共 143 個屋苑
[2026-05-25 09:53:46] 合併數據並計算回報率...
[2026-05-25 09:53:46] 已更新 143 個屋苑數據
[2026-05-25 09:53:46]   最高回報: 荃威花園 4.7%
[2026-05-25 09:53:46]   最低回報: 地利根德閣 1.96%
[2026-05-25 09:53:46] 完成
[2026-05-29 17:30:03] ==================================================
[2026-05-29 17:30:03] ==================================================
[2026-05-29 17:30:03] 開始更新租金收入數據 (mode: ['--price'])
[2026-05-29 17:30:03] 開始更新租金收入數據 (mode: ['--price'])
[2026-05-29 17:30:03] 開始攞呎價數據...
[2026-05-29 17:30:03] 開始攞呎價數據...
[2026-05-29 17:30:11]   港島: 40 個屋苑
[2026-05-29 17:30:11]   港島: 40 個屋苑
[2026-05-29 17:30:13]   九龍: 40 個屋苑
[2026-05-29 17:30:13]   九龍: 40 個屋苑
[2026-05-29 17:30:16]   新界東: 29 個屋苑
[2026-05-29 17:30:16]   新界東: 29 個屋苑
[2026-05-29 17:30:19]   新界西: 34 個屋苑
[2026-05-29 17:30:19]   新界西: 34 個屋苑
[2026-05-29 17:30:19] 呎價數據合共 143 個屋苑
[2026-05-29 17:30:19] 呎價數據合共 143 個屋苑
[2026-05-29 17:30:19] 合併數據並計算回報率...
[2026-05-29 17:30:19] 合併數據並計算回報率...
[2026-05-29 17:30:19] 已更新 143 個屋苑數據
[2026-05-29 17:30:19] 已更新 143 個屋苑數據
[2026-05-29 17:30:19]   最高回報: 荃威花園 4.7%
[2026-05-29 17:30:19]   最高回報: 荃威花園 4.7%
[2026-05-29 17:30:19]   最低回報: 地利根德閣 1.96%
[2026-05-29 17:30:19]   最低回報: 地利根德閣 1.96%
[2026-05-29 17:30:19] 完成
[2026-05-29 17:30:19] 完成
